{
  "Object": {
    "Nonce": 1543,
    "GasPrice": 256
  },
  "Hex": "01041d18"
}
