{
  "Object": {
    "Nonce": 1543,
    "GasPrice": 111222333
  },
  "Hex": "f678841a1d18"
}
